TAP version 13
ok 1 - SphpingTest::testGetConfig
ok 2 - SphpingTest::testGetContainer
ok 3 - SphpingTest::testReloadBeans
ok 4 - SphpingTest::testGetBean with data set #0 ('config')
ok 5 - SphpingTest::testGetBean with data set #1 ('phoneDao')
ok 6 - SphpingTest::testGetBean with data set #2 ('contactDao')
ok 7 - SphpingTest::testGetBean with data set #3 ('phoneService')
ok 8 - SphpingTest::testGetBean with data set #4 ('contactService')
ok 9 - SphpingTest::testBeanExists with data set #0 ('config')
ok 10 - SphpingTest::testBeanExists with data set #1 ('phoneDao')
ok 11 - SphpingTest::testBeanExists with data set #2 ('contactDao')
ok 12 - SphpingTest::testBeanExists with data set #3 ('phoneService')
ok 13 - SphpingTest::testBeanExists with data set #4 ('contactService')
ok 14 - Sphping_ContainerTest::testGetConfigs with data set #0 ('config')
ok 15 - Sphping_ContainerTest::testGetConfigs with data set #1 ('phoneDao')
ok 16 - Sphping_ContainerTest::testGetConfigs with data set #2 ('contactDao')
ok 17 - Sphping_ContainerTest::testGetConfigs with data set #3 ('phoneService')
ok 18 - Sphping_ContainerTest::testGetConfigs with data set #4 ('contactService')
ok 19 - Sphping_ContainerTest::testConfigExists with data set #0 ('config')
ok 20 - Sphping_ContainerTest::testConfigExists with data set #1 ('phoneDao')
ok 21 - Sphping_ContainerTest::testConfigExists with data set #2 ('contactDao')
ok 22 - Sphping_ContainerTest::testConfigExists with data set #3 ('phoneService')
ok 23 - Sphping_ContainerTest::testConfigExists with data set #4 ('contactService')
ok 24 - Sphping_ConfigTest::testGetConfigs with data set #0 ('config')
ok 25 - Sphping_ConfigTest::testGetConfigs with data set #1 ('phoneDao')
ok 26 - Sphping_ConfigTest::testGetConfigs with data set #2 ('contactDao')
ok 27 - Sphping_ConfigTest::testGetConfigs with data set #3 ('phoneService')
ok 28 - Sphping_ConfigTest::testGetConfigs with data set #4 ('contactService')
ok 29 - Sphping_ConfigTest::testConfigExists with data set #0 ('config')
ok 30 - Sphping_ConfigTest::testConfigExists with data set #1 ('phoneDao')
ok 31 - Sphping_ConfigTest::testConfigExists with data set #2 ('contactDao')
ok 32 - Sphping_ConfigTest::testConfigExists with data set #3 ('phoneService')
ok 33 - Sphping_ConfigTest::testConfigExists with data set #4 ('contactService')
1..33
